// Jest Snapshot v1, https://goo.gl/fbAQLP

exports[`prop label 1`] = `"<view class=\\"nut-checkboxgroup\\"></view>"`;
